==== gf 
---- It should work properly. 
....



**** Result ****


4 examples, 0 failures
